// Jest Snapshot v1, https://goo.gl/fbAQLP

exports[`<ParticipationStatus /> match snapshot 1`] = `
Array [
  <Text
    size={20}
    style={
      Array [
        Object {
          "color": "#152D4B",
          "fontFamily": "Kanit-Medium",
          "fontSize": 20,
        },
      ]
    }
    weight={500}
  >
    Ma participation
  </Text>,
  <View
    style={
      Array [
        Object {
          "flexDirection": "row",
          "paddingTop": 15,
        },
      ]
    }
  >
    <View
      accessible={true}
      collapsable={false}
      focusable={true}
      onBlur={[Function]}
      onClick={[Function]}
      onFocus={[Function]}
      onResponderGrant={[Function]}
      onResponderMove={[Function]}
      onResponderRelease={[Function]}
      onResponderTerminate={[Function]}
      onResponderTerminationRequest={[Function]}
      onStartShouldSetResponder={[Function]}
      style={
        Array [
          Object {
            "flexBasis": 0,
            "flexGrow": 1,
            "flexShrink": 1,
          },
        ]
      }
    >
      <View
        style={
          Object {
            "transform": Array [
              Object {
                "scale": 1,
              },
            ],
          }
        }
      >
        <View
          color="#29D48C"
          isActive={false}
          style={
            Array [
              Object {
                "alignItems": "center",
                "backgroundColor": "#FFFFFF",
                "borderColor": "#2559f233",
                "borderRadius": 50,
                "borderWidth": 2,
                "flexDirection": "row",
                "height": 50,
                "justifyContent": "center",
              },
            ]
          }
        >
          <Image
            color="#29D48C"
            isActive={false}
            source={1}
            style={
              Array [
                Object {
                  "height": 18,
                  "marginRight": 10,
                  "tintColor": "#2559F2",
                  "width": 18,
                },
              ]
            }
          />
          <Text
            isActive={false}
            size={13}
            style={
              Array [
                Object {
                  "color": "#2559F2",
                  "fontFamily": "Kanit-Medium",
                  "fontSize": 13,
                  "letterSpacing": 1,
                },
              ]
            }
            weight={500}
          >
            PRÃ‰SENT
          </Text>
        </View>
      </View>
    </View>
    <View
      style={
        Array [
          Object {
            "width": 15,
          },
        ]
      }
    />
    <View
      accessible={true}
      collapsable={false}
      focusable={true}
      onBlur={[Function]}
      onClick={[Function]}
      onFocus={[Function]}
      onResponderGrant={[Function]}
      onResponderMove={[Function]}
      onResponderRelease={[Function]}
      onResponderTerminate={[Function]}
      onResponderTerminationRequest={[Function]}
      onStartShouldSetResponder={[Function]}
      style={
        Array [
          Object {
            "flexBasis": 0,
            "flexGrow": 1,
            "flexShrink": 1,
          },
        ]
      }
    >
      <View
        style={
          Object {
            "transform": Array [
              Object {
                "scale": 1,
              },
            ],
          }
        }
      >
        <View
          color="#EF4948"
          isActive={false}
          style={
            Array [
              Object {
                "alignItems": "center",
                "backgroundColor": "#FFFFFF",
                "borderColor": "#2559f233",
                "borderRadius": 50,
                "borderWidth": 2,
                "flexDirection": "row",
                "height": 50,
                "justifyContent": "center",
              },
            ]
          }
        >
          <Image
            color="#EF4948"
            isActive={false}
            source={1}
            style={
              Array [
                Object {
                  "height": 18,
                  "marginRight": 10,
                  "tintColor": "#2559F2",
                  "width": 18,
                },
              ]
            }
          />
          <Text
            isActive={false}
            size={13}
            style={
              Array [
                Object {
                  "color": "#2559F2",
                  "fontFamily": "Kanit-Medium",
                  "fontSize": 13,
                  "letterSpacing": 1,
                },
              ]
            }
            weight={500}
          >
            ABSENT
          </Text>
        </View>
      </View>
    </View>
  </View>,
]
`;
